[1/23] Compiling strict-math Metal Butteraugli shaders
/Users/yunhocho/GitHub/gjxl-butteraugli-traffic-20260921/src/gpu/metal/kernels/butteraugli.metal:2073:15: warning: unused variable 'dc_mask_value' [-Wunused-variable]
  const float dc_mask_value = mask_dc_y(mask[mask_index]);
              ^
1 warning generated.
[2/23] Linking gjxl.metallib
[3/23] Embedding gjxl.metallib
[4/23] Building CXX object CMakeFiles/gjxl_metal.dir/src/gpu/metal/metal_aq_host_storage_plan.cpp.o
[5/23] Building CXX object CMakeFiles/gjxl_metal.dir/src/gpu/metal/metal_aq_butteraugli.cpp.o
[6/23] Building CXX object CMakeFiles/gjxl_metal.dir/src/gpu/metal/metal_aq_postprocess.cpp.o
[7/23] Building CXX object CMakeFiles/gjxl_metal.dir/src/gpu/metal/metal_ac_strategy.cpp.o
[8/23] Building CXX object CMakeFiles/gjxl_metal.dir/src/gpu/metal/metal_backend.cpp.o
[9/23] Building CXX object CMakeFiles/gjxl_metal.dir/src/gpu/metal/metal_aq_reconstruction.cpp.o
[10/23] Building CXX object CMakeFiles/gjxl_metal.dir/src/gpu/metal/metal_aq_strategy_metadata.cpp.o
[11/23] Building CXX object CMakeFiles/gjxl_metal.dir/src/gpu/metal/metal_embedded_library.cpp.o
[12/23] Building CXX object CMakeFiles/gjxl_metal.dir/src/gpu/metal/metal_aq_strategy_dispatch.cpp.o
[13/23] Building CXX object CMakeFiles/gjxl_metal.dir/src/gpu/metal/metal_primitives.cpp.o
[14/23] Building CXX object CMakeFiles/gjxl_metal.dir/src/gpu/metal/metal_butteraugli.cpp.o
[15/23] Building CXX object CMakeFiles/gjxl_metal.dir/src/gpu/metal/metal_submission_storage_plan.cpp.o
[16/23] Building CXX object CMakeFiles/gjxl_metal.dir/src/gpu/metal/metal_submission.cpp.o
[17/23] Building CXX object CMakeFiles/gjxl_metal.dir/src/gpu/metal/metal_aq_evaluation.cpp.o
[18/23] Linking CXX static library libgjxl_metal.a
[19/23] Linking CXX executable gjxl_encode
[20/23] Linking CXX executable gjxl_adaptive_quantization_gpu_policy_test
ld: warning: ignoring duplicate libraries: 'libgjxl_codec.a'
[21/23] Linking CXX executable gjxl_encoding_benchmark
[22/23] Linking CXX executable gjxl_metal_aq_evaluation_test
ld: warning: ignoring duplicate libraries: 'libgjxl_codec.a'
[23/23] Linking CXX executable gjxl_metal_butteraugli_test
ld: warning: ignoring duplicate libraries: 'libgjxl_codec.a'
