Test project /Users/yunhocho/GitHub/gjxl-gpu-tokenization-20260922/build/release
        Start  27: serializer_storage_plan
        Start  95: cpu_workflow_legacy_dc_tree
        Start  94: cpu_workflow_storage_plan
        Start   6: metal_build_graph
  1/159 Test   #6: metal_build_graph .......................   Passed   17.70 sec
        Start 113: vardct_frame_view
  2/159 Test  #94: cpu_workflow_storage_plan ...............   Passed   27.95 sec
        Start  49: worker_launch_failure_cpu_orders
  3/159 Test  #95: cpu_workflow_legacy_dc_tree .............   Passed   28.06 sec
        Start  50: worker_launch_failure_cpu_sections
  4/159 Test #113: vardct_frame_view .......................   Passed   17.58 sec
        Start  37: codestream_encoder
  5/159 Test  #49: worker_launch_failure_cpu_orders ........   Passed   13.12 sec
        Start  33: sparse_vardct_frame
  6/159 Test  #50: worker_launch_failure_cpu_sections ......   Passed   13.03 sec
        Start  48: worker_launch_failure_cpu_aq
  7/159 Test  #37: codestream_encoder ......................   Passed   11.88 sec
        Start  96: resident_workflow_legacy_dc_tree
  8/159 Test  #48: worker_launch_failure_cpu_aq ............   Passed   12.47 sec
        Start  47: worker_launch_failure_cpu_color
  9/159 Test  #33: sparse_vardct_frame .....................   Passed   12.57 sec
        Start   5: storage_toolchain
 10/159 Test  #27: serializer_storage_plan .................   Passed   56.93 sec
        Start  71: workflow_cpu_coordination
 11/159 Test  #96: resident_workflow_legacy_dc_tree ........   Passed   13.45 sec
        Start 140: metal_aq_host_storage_plan
 12/159 Test   #5: storage_toolchain .......................   Passed    8.79 sec
        Start 144: metal_dc_processing
 13/159 Test  #47: worker_launch_failure_cpu_color .........   Passed    9.94 sec
        Start 135: metal_quantization_pipeline
 14/159 Test  #71: workflow_cpu_coordination ...............   Passed    7.39 sec
        Start  97: compatibility_workflow_legacy_dc_tree
 15/159 Test #140: metal_aq_host_storage_plan ..............   Passed    6.00 sec
        Start 148: compatibility_workflow_storage_plan
 16/159 Test #144: metal_dc_processing .....................   Passed    6.80 sec
        Start 151: metal_aq_host_storage_plan_legacy
 17/159 Test #135: metal_quantization_pipeline .............   Passed    7.44 sec
        Start  72: workflow_cpu_coordination_cpu
 18/159 Test  #97: compatibility_workflow_legacy_dc_tree ...   Passed    7.34 sec
        Start 154: workflow_admission
 19/159 Test #148: compatibility_workflow_storage_plan .....   Passed    6.54 sec
        Start  51: worker_launch_failure_cpu_drains
 20/159 Test #151: metal_aq_host_storage_plan_legacy .......   Passed    7.23 sec
        Start 133: metal_ac_strategy_search
 21/159 Test  #72: workflow_cpu_coordination_cpu ...........   Passed    6.28 sec
        Start 137: metal_resource_budget
 22/159 Test  #51: worker_launch_failure_cpu_drains ........   Passed    4.79 sec
        Start 131: metal_dct
 23/159 Test #133: metal_ac_strategy_search ................   Passed    3.79 sec
        Start 150: metal_aq_evaluation_legacy
 24/159 Test #131: metal_dct ...............................   Passed    3.05 sec
        Start  23: ac_direct_tokenization
 25/159 Test #137: metal_resource_budget ...................   Passed    3.87 sec
        Start  25: entropy_storage_plan
 26/159 Test #150: metal_aq_evaluation_legacy ..............   Passed    2.43 sec
        Start  38: codestream_workflow
 27/159 Test  #23: ac_direct_tokenization ..................   Passed    3.14 sec
        Start 120: ac_strategy_host_storage_plan
 28/159 Test  #25: entropy_storage_plan ....................   Passed    3.20 sec
        Start  29: compact_vardct_frame
 29/159 Test  #38: codestream_workflow .....................   Passed    2.86 sec
        Start 158: encoding_benchmark_cli
 30/159 Test #120: ac_strategy_host_storage_plan ...........   Passed    2.90 sec
        Start  78: perceptual_storage_plan
 31/159 Test  #29: compact_vardct_frame ....................   Passed    2.76 sec
        Start  53: worker_launch_failure_metal_orders
 32/159 Test #158: encoding_benchmark_cli ..................   Passed    2.10 sec
        Start  31: frame_validation
 33/159 Test  #53: worker_launch_failure_metal_orders ......   Passed    1.75 sec
        Start   8: metal_profile_driver
 34/159 Test  #78: perceptual_storage_plan .................   Passed    2.47 sec
        Start 127: metal_aq_evaluation
 35/159 Test  #31: frame_validation ........................   Passed    1.86 sec
        Start 134: metal_aq_strategy_metadata
 36/159 Test   #8: metal_profile_driver ....................   Passed    1.82 sec
        Start 143: gpu_tokenization_default
 37/159 Test #134: metal_aq_strategy_metadata ..............   Passed    1.37 sec
        Start 129: metal_aq_reconstruction
 38/159 Test #143: gpu_tokenization_default ................   Passed    0.70 sec
        Start 159: image_batch_benchmark_cli
 39/159 Test #129: metal_aq_reconstruction .................   Passed    1.07 sec
        Start 147: resident_workflow_storage_plan
 40/159 Test #127: metal_aq_evaluation .....................   Passed    2.93 sec
        Start  17: ans_reverse_bits
 41/159 Test #159: image_batch_benchmark_cli ...............   Passed    1.34 sec
        Start  30: compact_frame_allocation
 42/159 Test  #17: ans_reverse_bits ........................   Passed    1.32 sec
        Start  52: worker_launch_failure_metal_forward
 43/159 Test  #30: compact_frame_allocation ................   Passed    1.17 sec
        Start 141: metal_quantizer_selection
 44/159 Test  #52: worker_launch_failure_metal_forward .....   Passed    1.14 sec
        Start 106: dc_policy
 45/159 Test #141: metal_quantizer_selection ...............   Passed    1.10 sec
        Start  58: codestream_cli
 46/159 Test #106: dc_policy ...............................   Passed    1.25 sec
        Start  80: workflow_publication
 47/159 Test  #58: codestream_cli ..........................   Passed    1.28 sec
        Start 126: metal_butteraugli
 48/159 Test  #80: workflow_publication ....................   Passed    1.05 sec
        Start  16: context_map
 49/159 Test #126: metal_butteraugli .......................   Passed    1.07 sec
        Start 142: metal_ac_tokenization
 50/159 Test  #16: context_map .............................   Passed    1.02 sec
        Start  10: codestream_conformance_smoke
 51/159 Test  #10: codestream_conformance_smoke ............   Passed    0.94 sec
        Start   9: encode_image
 52/159 Test   #9: encode_image ............................   Passed    0.83 sec
        Start 149: metal_butteraugli_legacy
 53/159 Test #154: workflow_admission ......................   Passed   28.81 sec
        Start  34: sparse_frame_allocation
 54/159 Test #149: metal_butteraugli_legacy ................   Passed    0.86 sec
        Start  13: ans_bit_emission
 55/159 Test #142: metal_ac_tokenization ...................   Passed    4.02 sec
        Start  77: frontend_field_storage_plan
 56/159 Test  #34: sparse_frame_allocation .................   Passed    0.90 sec
        Start  21: coefficient_order
 57/159 Test  #13: ans_bit_emission ........................   Passed    0.76 sec
        Start  11: bit_writer_append
 58/159 Test  #21: coefficient_order .......................   Passed    0.52 sec
        Start 138: metal_diagnostic_storage
 59/159 Test  #77: frontend_field_storage_plan .............   Passed    0.76 sec
        Start 128: adaptive_quantization_gpu_policy
 60/159 Test  #11: bit_writer_append .......................   Passed    0.53 sec
        Start  46: worker_launch_failure_forward
 61/159 Test #138: metal_diagnostic_storage ................   Passed    0.78 sec
        Start  76: frontend_storage_plan
 62/159 Test  #46: worker_launch_failure_forward ...........   Passed    0.67 sec
        Start 130: metal_aq_postprocess
 63/159 Test #128: adaptive_quantization_gpu_policy ........   Passed    0.80 sec
        Start  61: c_api
 64/159 Test #130: metal_aq_postprocess ....................   Passed    0.68 sec
        Start 125: metal_butteraugli_operation_contract
 65/159 Test  #76: frontend_storage_plan ...................   Passed    0.82 sec
        Start  39: codestream_batch_workflow
 66/159 Test  #61: c_api ...................................   Passed    0.74 sec
        Start  15: entropy
 67/159 Test #147: resident_workflow_storage_plan ..........   Passed   11.82 sec
        Start 157: quality_benchmark_cli
 68/159 Test #125: metal_butteraugli_operation_contract ....   Passed    0.43 sec
        Start 132: metal_ac_strategy
 69/159 Test  #39: codestream_batch_workflow ...............   Passed    0.54 sec
        Start  24: token_storage_plan
 70/159 Test  #15: entropy .................................   Passed    0.63 sec
        Start 124: metal_gpu_primitives
 71/159 Test #157: quality_benchmark_cli ...................   Passed    0.53 sec
        Start   2: resident_qualification_controller
 72/159 Test   #2: resident_qualification_controller .......   Passed    0.26 sec
        Start  40: batch_lifecycle
 73/159 Test  #24: token_storage_plan ......................   Passed    0.54 sec
        Start  55: worker_launch_failure_metal_drains
 74/159 Test #132: metal_ac_strategy .......................   Passed    0.68 sec
        Start 102: quantization_pipeline
 75/159 Test #124: metal_gpu_primitives ....................   Passed    0.45 sec
        Start  28: ac_section_validation
 76/159 Test  #55: worker_launch_failure_metal_drains ......   Passed    0.25 sec
        Start  42: batch_scheduling
 77/159 Test  #40: batch_lifecycle .........................   Passed    0.31 sec
        Start  26: representation_storage_plan
 78/159 Test #102: quantization_pipeline ...................   Passed    0.34 sec
        Start  20: ac_group
 79/159 Test  #28: ac_section_validation ...................   Passed    0.40 sec
        Start 123: metal_profile_storage_plan
 80/159 Test  #42: batch_scheduling ........................   Passed    0.45 sec
        Start  12: bit_writer_word
 81/159 Test  #26: representation_storage_plan .............   Passed    0.51 sec
        Start 112: vardct_frame
 82/159 Test  #20: ac_group ................................   Passed    0.60 sec
        Start   7: metal_embedded_library
 83/159 Test #123: metal_profile_storage_plan ..............   Passed    0.58 sec
        Start  79: publication_storage
 84/159 Test  #12: bit_writer_word .........................   Passed    0.43 sec
        Start  32: sparse_coefficients
 85/159 Test   #7: metal_embedded_library ..................   Passed    0.43 sec
        Start  57: rate_control_probe
 86/159 Test #112: vardct_frame ............................   Passed    0.59 sec
        Start  73: managed_allocator
 87/159 Test  #79: publication_storage .....................   Passed    0.43 sec
        Start 139: metal_storage_plan
 88/159 Test  #32: sparse_coefficients .....................   Passed    0.51 sec
        Start 155: workflow_admission_cpu
 89/159 Test  #57: rate_control_probe ......................   Passed    0.39 sec
        Start  18: sections
 90/159 Test #155: workflow_admission_cpu ..................   Passed    0.22 sec
        Start  62: c_api_cpp
 91/159 Test  #73: managed_allocator .......................   Passed    0.48 sec
        Start  19: dc_group
 92/159 Test #139: metal_storage_plan ......................   Passed    0.56 sec
        Start  98: dc_context_tree
 93/159 Test  #18: sections ................................   Passed    0.37 sec
        Start 145: metal_submission_storage_plan
 94/159 Test  #62: c_api_cpp ...............................   Passed    0.44 sec
        Start 146: metal_aq_profile_storage_plan
 95/159 Test  #19: dc_group ................................   Passed    0.54 sec
        Start  56: rate_control_search
 96/159 Test  #98: dc_context_tree .........................   Passed    0.48 sec
        Start  14: bit_writer
 97/159 Test #145: metal_submission_storage_plan ...........   Passed    0.50 sec
        Start  74: serializer_storage
 98/159 Test #146: metal_aq_profile_storage_plan ...........   Passed    0.49 sec
        Start 105: low_effort_strategy_policy
 99/159 Test  #56: rate_control_search .....................   Passed    0.49 sec
        Start  36: block_context_map
100/159 Test  #14: bit_writer ..............................   Passed    0.49 sec
        Start 136: metal_completed_frame
101/159 Test  #74: serializer_storage ......................   Passed    0.52 sec
        Start   1: planning_recipes
102/159 Test #105: low_effort_strategy_policy ..............   Passed    0.50 sec
        Start  90: maximum_error
103/159 Test  #36: block_context_map .......................   Passed    0.50 sec
        Start 153: workflow_storage_plan
104/159 Test   #1: planning_recipes ........................   Passed    0.52 sec
        Start 117: quantization_tables_generated
105/159 Test #117: quantization_tables_generated ...........   Passed    0.10 sec
        Start  68: resource_budget
106/159 Test  #90: maximum_error ...........................   Passed    0.55 sec
        Start  69: cpu_budget
107/159 Test #153: workflow_storage_plan ...................   Passed    0.47 sec
        Start  87: ac_strategy_search
108/159 Test  #68: resource_budget .........................   Passed    0.17 sec
        Start 122: gpu_profile_json
109/159 Test  #69: cpu_budget ..............................   Passed    0.25 sec
        Start  93: dc_processing
110/159 Test  #87: ac_strategy_search ......................   Passed    0.30 sec
        Start 110: reconstruction
111/159 Test #122: gpu_profile_json ........................   Passed    0.34 sec
        Start 152: metal_cache_admission
112/159 Test  #93: dc_processing ...........................   Passed    0.33 sec
        Start  45: worker_launch_failure_startup
113/159 Test  #45: worker_launch_failure_startup ...........   Passed    0.01 sec
        Start  66: butteraugli_distance
114/159 Test #110: reconstruction ..........................   Passed    0.35 sec
        Start  86: ac_strategy_cost
115/159 Test #152: metal_cache_admission ...................   Passed    0.32 sec
        Start 109: epf
116/159 Test  #66: butteraugli_distance ....................   Passed    0.21 sec
        Start  54: worker_launch_failure_metal_sections
117/159 Test  #86: ac_strategy_cost ........................   Passed    0.22 sec
        Start  67: core_geometry
118/159 Test #109: epf .....................................   Passed    0.26 sec
        Start  70: cpu_execution
119/159 Test  #67: core_geometry ...........................   Passed    0.23 sec
        Start 108: chroma_from_luma
120/159 Test  #54: worker_launch_failure_metal_sections ....   Passed    0.43 sec
        Start  91: dc_conversion
121/159 Test  #70: cpu_execution ...........................   Passed    0.24 sec
        Start  88: quantization
122/159 Test #108: chroma_from_luma ........................   Passed    0.25 sec
        Start 111: overwrite_array
123/159 Test #136: metal_completed_frame ...................   Passed    2.27 sec
        Start  65: butteraugli_stages
124/159 Test  #91: dc_conversion ...........................   Passed    0.29 sec
        Start  35: quantization_storage
125/159 Test  #88: quantization ............................   Passed    0.36 sec
        Start  89: quantization_adjustment
126/159 Test #111: overwrite_array .........................   Passed    0.35 sec
        Start  85: cpu_dct
127/159 Test  #65: butteraugli_stages ......................   Passed    0.42 sec
        Start 121: profile_storage_plan
128/159 Test  #35: quantization_storage ....................   Passed    0.49 sec
        Start  63: pfm
129/159 Test  #89: quantization_adjustment .................   Passed    0.48 sec
        Start   3: stdlib_storage_compat
130/159 Test  #85: cpu_dct .................................   Passed    0.47 sec
        Start  59: codestream_sample_generated
131/159 Test  #59: codestream_sample_generated .............   Passed    0.05 sec
        Start  92: dc_quantization
132/159 Test #121: profile_storage_plan ....................   Passed    0.47 sec
        Start 107: gaborish
133/159 Test  #63: pfm .....................................   Passed    0.47 sec
        Start  64: butteraugli_primitives
134/159 Test   #3: stdlib_storage_compat ...................   Passed    0.46 sec
        Start  99: adaptive_quantization
135/159 Test  #92: dc_quantization .........................   Passed    0.41 sec
        Start 100: adaptive_quantization_loop
136/159 Test #107: gaborish ................................   Passed    0.46 sec
        Start  81: diagnostic_storage
137/159 Test  #64: butteraugli_primitives ..................   Passed    0.45 sec
        Start 118: gpu_image
138/159 Test  #99: adaptive_quantization ...................   Passed    0.48 sec
        Start 116: butteraugli
139/159 Test #100: adaptive_quantization_loop ..............   Passed    0.48 sec
        Start  75: frontend_storage
140/159 Test  #81: diagnostic_storage ......................   Passed    0.47 sec
        Start  44: parallel_work
141/159 Test #118: gpu_image ...............................   Passed    0.47 sec
        Start 119: ac_strategy_storage_plan
142/159 Test #116: butteraugli .............................   Passed    0.46 sec
        Start  84: dct_reference
143/159 Test  #75: frontend_storage ........................   Passed    0.46 sec
        Start  83: fast_math
144/159 Test  #44: parallel_work ...........................   Passed    0.47 sec
        Start 101: color_transform
145/159 Test #119: ac_strategy_storage_plan ................   Passed    0.47 sec
        Start  60: c_api_image_conversion
146/159 Test  #84: dct_reference ...........................   Passed    0.46 sec
        Start 114: simple_codestream_profile
147/159 Test  #83: fast_math ...............................   Passed    0.45 sec
        Start  41: batch_lifecycle_cpu
148/159 Test  #41: batch_lifecycle_cpu .....................   Passed    0.03 sec
        Start   4: stdlib_storage_compat_cxx23
149/159 Test #101: color_transform .........................   Passed    0.46 sec
        Start 115: loop_filter
150/159 Test  #60: c_api_image_conversion ..................   Passed    0.45 sec
        Start  82: ac_strategy_grid
151/159 Test #114: simple_codestream_profile ...............   Passed    0.46 sec
        Start  22: dc_parallel_tokenization
152/159 Test   #4: stdlib_storage_compat_cxx23 .............   Passed    0.43 sec
        Start  43: batch_scheduling_cpu
153/159 Test  #43: batch_scheduling_cpu ....................   Passed    0.03 sec
        Start 103: quantization_pipeline_uniform
154/159 Test #103: quantization_pipeline_uniform ...........   Passed    0.01 sec
        Start 104: quantization_pipeline_search_policy
155/159 Test #104: quantization_pipeline_search_policy .....   Passed    0.00 sec
156/159 Test #115: loop_filter .............................   Passed    0.46 sec
157/159 Test  #82: ac_strategy_grid ........................   Passed    0.47 sec
158/159 Test  #22: dc_parallel_tokenization ................   Passed    0.60 sec
        Start 156: codec_install_consumer
159/159 Test #156: codec_install_consumer ..................   Passed   20.47 sec

100% tests passed, 0 tests failed out of 159

Label Time Summary:
benchmark              =   3.97 sec*proc (3 tests)
cli                    =   6.88 sec*proc (6 tests)
conformance            =   0.94 sec*proc (1 test)
metal                  =   2.63 sec*proc (2 tests)
worker-launch-cpu      =  54.03 sec*proc (7 tests)
worker-launch-metal    =   3.56 sec*proc (4 tests)

Total Test time (real) = 133.93 sec
