alpine24-e7 0 {'complete_call_ms': -12.424}
alpine24-e7 1 {'complete_call_ms': -12.652}
alpine24-e7 2 {'complete_call_ms': -10.553}
forest48-e10 0 {'complete_call_ms': -11.386}
forest48-e10 1 {'complete_call_ms': -10.888}
forest48-e10 2 {'complete_call_ms': -10.948}
campus12-e7 0 {'complete_call_ms': -11.079}
campus12-e7 1 {'complete_call_ms': -12.276}
campus12-e7 2 {'complete_call_ms': -12.766}
alpine12-e10-d08 0 {'complete_call_ms': -9.444}
alpine12-e10-d08 1 {'complete_call_ms': -10.181}
alpine12-e10-d08 2 {'complete_call_ms': -9.521}
forest24-e7-d08 0 {'complete_call_ms': -11.527}
forest24-e7-d08 1 {'complete_call_ms': -11.459}
forest24-e7-d08 2 {'complete_call_ms': -11.882}
campus48-e10-d08 0 {'complete_call_ms': -8.476}
campus48-e10-d08 1 {'complete_call_ms': -9.569}
campus48-e10-d08 2 {'complete_call_ms': -9.253}
kodak01-e7 0 {'complete_call_ms': -2.214}
kodak01-e7 1 {'complete_call_ms': -5.747}
kodak01-e7 2 {'complete_call_ms': 0.136}
kodak17-e10-d08 0 {'complete_call_ms': -4.43}
kodak17-e10-d08 1 {'complete_call_ms': -3.571}
kodak17-e10-d08 2 {'complete_call_ms': -3.995}
