alpine24-e7 0 {'complete_call_ms': -13.377}
alpine24-e7 1 {'complete_call_ms': -12.682}
alpine24-e7 2 {'complete_call_ms': -12.697}
alpine24-e7 3 {'complete_call_ms': -12.74}
alpine24-e7 4 {'complete_call_ms': -12.148}
alpine24-e7 5 {'complete_call_ms': -12.764}
alpine24-e7 6 {'complete_call_ms': -12.54}
forest48-e10 0 {'complete_call_ms': -11.134}
forest48-e10 1 {'complete_call_ms': -9.971}
forest48-e10 2 {'complete_call_ms': -10.361}
forest48-e10 3 {'complete_call_ms': -10.395}
forest48-e10 4 {'complete_call_ms': -11.188}
forest48-e10 5 {'complete_call_ms': -11.708}
forest48-e10 6 {'complete_call_ms': -10.715}
kodak01-e7 0 {'complete_call_ms': -5.73}
kodak01-e7 1 {'complete_call_ms': -5.121}
kodak01-e7 2 {'complete_call_ms': -10.305}
kodak01-e7 3 {'complete_call_ms': 4.175}
kodak01-e7 4 {'complete_call_ms': -8.99}
kodak01-e7 5 {'complete_call_ms': -2.513}
kodak01-e7 6 {'complete_call_ms': -3.365}
kodak17-e10-d08 0 {'complete_call_ms': -3.595}
kodak17-e10-d08 1 {'complete_call_ms': -3.822}
kodak17-e10-d08 2 {'complete_call_ms': -5.626}
kodak17-e10-d08 3 {'complete_call_ms': -5.468}
kodak17-e10-d08 4 {'complete_call_ms': -5.764}
kodak17-e10-d08 5 {'complete_call_ms': -1.881}
kodak17-e10-d08 6 {'complete_call_ms': -5.686}
