-- The C compiler identification is AppleClang 17.0.0.17000604
-- The CXX compiler identification is AppleClang 17.0.0.17000604
-- Detecting C compiler ABI info
-- Detecting C compiler ABI info - done
-- Check for working C compiler: /usr/bin/cc - skipped
-- Detecting C compile features
-- Detecting C compile features - done
-- Detecting CXX compiler ABI info
-- Detecting CXX compiler ABI info - done
-- Check for working CXX compiler: /usr/bin/c++ - skipped
-- Detecting CXX compile features
-- Detecting CXX compile features - done
-- The OBJCXX compiler identification is AppleClang 17.0.0.17000604
-- Detecting OBJCXX compiler ABI info
-- Detecting OBJCXX compiler ABI info - done
-- Check for working OBJCXX compiler: /usr/bin/clang++ - skipped
-- Performing Test GJXL_CXX_STORAGE_TOOLCHAIN_SUPPORTED
-- Performing Test GJXL_CXX_STORAGE_TOOLCHAIN_SUPPORTED - Success
-- Performing Test GJXL_OBJCXX_STORAGE_TOOLCHAIN_SUPPORTED
-- Performing Test GJXL_OBJCXX_STORAGE_TOOLCHAIN_SUPPORTED - Success
-- Found Python3: /opt/homebrew/Frameworks/Python.framework/Versions/3.14/bin/python3.14 (found version "3.14.6") found components: Interpreter
-- Configuring done (1.9s)
-- Generating done (0.1s)
-- Build files have been written to: /Users/yunhocho/GitHub/gjxl-butteraugli-production-base/build/production
