[1/390] Compiling Metal AQ block-reduction shader
[2/390] Compiling Metal AQ strategy metadata
[3/390] Compiling policy-preserving Metal AC selection
[4/390] Compiling Metal primitive shaders
[5/390] Compiling Metal AQ postprocess shaders
[6/390] Compiling strict-math Metal Butteraugli shaders
[7/390] Compiling Metal AQ reconstruction shaders
[8/390] Compiling Metal AC-strategy shaders
[9/390] Building CXX object CMakeFiles/gjxl_codec.dir/src/codec/butteraugli.cpp.o
[10/390] Compiling Metal DCT shaders
[11/390] Building CXX object CMakeFiles/gjxl_codec.dir/src/codec/ac_strategy.cpp.o
[12/390] Building CXX object CMakeFiles/gjxl_codec.dir/src/codec/butteraugli_internal.cpp.o
[13/390] Building CXX object CMakeFiles/gjxl_codec.dir/src/codec/chroma_from_luma.cpp.o
[14/390] Building CXX object CMakeFiles/gjxl_codec.dir/src/codec/convolution.cpp.o
[15/390] Building CXX object CMakeFiles/gjxl_codec.dir/src/codec/butteraugli_distance_internal.cpp.o
[16/390] Building CXX object CMakeFiles/gjxl_codec.dir/src/codec/dc_conversion.cpp.o
[17/390] Building CXX object CMakeFiles/gjxl_codec.dir/src/codec/color_transform.cpp.o
[18/390] Building CXX object CMakeFiles/gjxl_codec.dir/src/codec/dc_quantization.cpp.o
[19/390] Building CXX object CMakeFiles/gjxl_codec.dir/src/codec/dc_smoothing.cpp.o
[20/390] Building CXX object CMakeFiles/gjxl_codec.dir/src/codec/dct.cpp.o
[21/390] Building CXX object CMakeFiles/gjxl_codec.dir/src/codec/gaborish.cpp.o
[22/390] Building CXX object CMakeFiles/gjxl_codec.dir/src/codec/adaptive_quantization.cpp.o
[23/390] Building CXX object CMakeFiles/gjxl_codec.dir/src/codec/epf.cpp.o
[24/390] Building CXX object CMakeFiles/gjxl_codec.dir/src/codec/loop_filter.cpp.o
[25/390] Building CXX object CMakeFiles/gjxl_codec.dir/src/codec/maximum_error.cpp.o
[26/390] Building CXX object CMakeFiles/gjxl_codec.dir/src/codec/ac_strategy_storage_plan.cpp.o
[27/390] Building CXX object CMakeFiles/gjxl_codec.dir/src/codec/perceptual_storage_plan.cpp.o
[28/390] Building CXX object CMakeFiles/gjxl_codec.dir/src/codec/quantization.cpp.o
[29/390] Building CXX object CMakeFiles/gjxl_codec.dir/src/codec/adaptive_quantization_storage_plan.cpp.o
[30/390] Building CXX object CMakeFiles/gjxl_codec.dir/src/codec/quantization_pipeline.cpp.o
[31/390] Building CXX object CMakeFiles/gjxl_codec.dir/src/codec/frontend_storage_plan.cpp.o
[32/390] Building CXX object CMakeFiles/gjxl_gpu.dir/src/gpu/image.cpp.o
[33/390] Building CXX object CMakeFiles/gjxl_codec.dir/src/codec/codestream.cpp.o
[34/390] Building CXX object CMakeFiles/gjxl_gpu.dir/src/gpu/scratch.cpp.o
[35/390] Linking CXX static library libgjxl_gpu.a
[36/390] Linking gjxl.metallib
[37/390] Building CXX object CMakeFiles/gjxl_gpu_butteraugli.dir/src/gpu/ops/butteraugli.cpp.o
[38/390] Building CXX object CMakeFiles/gjxl_gpu_ops.dir/src/gpu/ops/ac_strategy_storage_plan.cpp.o
[39/390] Building CXX object CMakeFiles/gjxl_codec.dir/src/codec/reconstruction.cpp.o
[40/390] Building CXX object CMakeFiles/gjxl_gpu_ops.dir/src/gpu/ops/profile_storage_plan.cpp.o
[41/390] Linking CXX static library libgjxl_gpu_butteraugli.a
[42/390] Embedding gjxl.metallib
[43/390] Building CXX object CMakeFiles/gjxl_gpu_ops.dir/src/gpu/ops/ac_strategy_search.cpp.o
[44/390] Building CXX object CMakeFiles/gjxl_c_api_internal.dir/src/c_api/image_conversion.cpp.o
[45/390] Building CXX object CMakeFiles/gjxl_gpu_ops.dir/src/gpu/ops/gaborish.cpp.o
[46/390] Building CXX object CMakeFiles/gjxl_codec.dir/src/codec/vardct_frame.cpp.o
[47/390] Building CXX object CMakeFiles/gjxl_butteraugli_fixtures.dir/tests/butteraugli_fixtures.cpp.o
[48/390] Linking CXX static library libgjxl_codec.a
[49/390] Building CXX object CMakeFiles/gjxl_metal.dir/src/gpu/metal/metal_cpp_impl.cpp.o
[50/390] Building CXX object CMakeFiles/gjxl_gpu_ops.dir/src/gpu/ops/adaptive_quantization.cpp.o
[51/390] Building CXX object CMakeFiles/gjxl_gpu_ops.dir/src/gpu/ops/quantization_pipeline.cpp.o
[52/390] Linking CXX static library libgjxl_gpu_ops.a
[53/390] Building CXX object CMakeFiles/gjxl_metal.dir/src/gpu/metal/metal_aq_butteraugli.cpp.o
[54/390] Building CXX object CMakeFiles/gjxl_metal.dir/src/gpu/metal/metal_ac_strategy.cpp.o
[55/390] Building CXX object CMakeFiles/gjxl_metal.dir/src/gpu/metal/metal_aq_profile_storage_plan.cpp.o
[56/390] Building CXX object CMakeFiles/gjxl_metal.dir/src/gpu/metal/metal_aq_host_storage_plan.cpp.o
[57/390] Building CXX object CMakeFiles/gjxl_metal.dir/src/gpu/metal/metal_backend.cpp.o
[58/390] Building CXX object CMakeFiles/gjxl_metal.dir/src/gpu/metal/metal_aq_postprocess.cpp.o
[59/390] Building CXX object CMakeFiles/gjxl_metal.dir/src/gpu/metal/metal_embedded_library.cpp.o
[60/390] Building CXX object CMakeFiles/gjxl_metal.dir/src/gpu/metal/metal_aq_strategy_metadata.cpp.o
[61/390] Building CXX object CMakeFiles/gjxl_metal.dir/src/gpu/metal/metal_aq_strategy_dispatch.cpp.o
[62/390] Building CXX object CMakeFiles/gjxl_metal.dir/src/gpu/metal/metal_primitives.cpp.o
[63/390] Building CXX object CMakeFiles/gjxl_metal.dir/src/gpu/metal/metal_storage_plan.cpp.o
[64/390] Building CXX object CMakeFiles/gjxl_metal.dir/src/gpu/metal/metal_submission_storage_plan.cpp.o
[65/390] Building CXX object CMakeFiles/gjxl_metal.dir/src/gpu/metal/metal_butteraugli.cpp.o
[66/390] Building CXX object CMakeFiles/gjxl_metal.dir/src/gpu/metal/metal_aq_reconstruction.cpp.o
[67/390] Building CXX object CMakeFiles/gjxl_metal.dir/src/gpu/metal/metal_submission.cpp.o
[68/390] Building CXX object CMakeFiles/gjxl_codestream.dir/src/codestream/bit_writer.cpp.o
[69/390] Building CXX object CMakeFiles/gjxl_metal.dir/src/gpu/metal/metal_aq_evaluation.cpp.o
[70/390] Building CXX object CMakeFiles/gjxl_codestream.dir/src/codestream/block_context_map.cpp.o
[71/390] Building CXX object CMakeFiles/gjxl_codestream.dir/src/codestream/dc_context_tree.cpp.o
[72/390] Building CXX object CMakeFiles/gjxl_codestream.dir/src/codestream/batch_workflow.cpp.o
[73/390] Building CXX object CMakeFiles/gjxl_codestream.dir/src/codestream/dc_group.cpp.o
[74/390] Building CXX object CMakeFiles/gjxl_codestream.dir/src/codestream/weighted_dc.cpp.o
[75/390] Building CXX object CMakeFiles/gjxl_codestream.dir/src/codestream/huffman.cpp.o
[76/390] Building CXX object CMakeFiles/gjxl_codestream.dir/src/codestream/context_map.cpp.o
[77/390] Building CXX object CMakeFiles/gjxl_codestream.dir/src/codestream/headers.cpp.o
[78/390] Building CXX object CMakeFiles/gjxl_codestream.dir/src/codestream/ac_group.cpp.o
[79/390] Building CXX object CMakeFiles/gjxl_codestream.dir/src/codestream/rate_control.cpp.o
[80/390] Building CXX object CMakeFiles/gjxl_codestream.dir/src/codestream/workflow_storage_plan.cpp.o
[81/390] Building CXX object CMakeFiles/gjxl_codestream.dir/src/codestream/coefficient_order.cpp.o
[82/390] Building CXX object CMakeFiles/gjxl_codestream.dir/src/codestream/cpu_workflow_storage_plan.cpp.o
[83/390] Building CXX object CMakeFiles/gjxl_codestream.dir/src/codestream/sections.cpp.o
[84/390] Building CXX object CMakeFiles/gjxl_codestream.dir/src/codestream/ans.cpp.o
[85/390] Building CXX object CMakeFiles/gjxl_codestream.dir/src/codestream/entropy.cpp.o
[86/390] Building CXX object CMakeFiles/gjxl_codestream.dir/src/codestream/entropy_storage_plan.cpp.o
[87/390] Building CXX object CMakeFiles/gjxl_codestream.dir/src/codestream/token_storage_plan.cpp.o
[88/390] Linking CXX static library libgjxl_metal.a
[89/390] Linking CXX static library libgjxl_butteraugli_fixtures.a
[90/390] Building CXX object CMakeFiles/gjxl_codestream.dir/src/codestream/serializer_storage_plan.cpp.o
[91/390] Building CXX object CMakeFiles/gjxl_codestream.dir/src/codestream/resident_workflow_storage_plan.cpp.o
[92/390] Building CXX object CMakeFiles/gjxl_codestream.dir/src/codestream/compatibility_workflow_storage_plan.cpp.o
[93/390] Building CXX object CMakeFiles/gjxl_pfm_io.dir/src/io/pfm.cpp.o
[94/390] Linking CXX static library libgjxl_pfm_io.a
[95/390] Building CXX object CMakeFiles/gjxl_encode.dir/tools/gjxl_encode.cpp.o
[96/390] Building CXX object CMakeFiles/gjxl_c.dir/src/c_api/gjxl.cpp.o
[97/390] Building CXX object CMakeFiles/gjxl_rate_control_probe.dir/tools/rate_control_probe.cpp.o
[98/390] Building CXX object CMakeFiles/gjxl_codestream.dir/src/codestream/workflow.cpp.o
[99/390] Building CXX object CMakeFiles/gjxl_planning_recipes_test.dir/tests/planning_recipes_test.cpp.o
[100/390] Building CXX object CMakeFiles/gjxl_metal_embedded_library_test.dir/tests/metal_embedded_library_test.cpp.o
[101/390] Building CXX object CMakeFiles/gjxl_codestream.dir/src/codestream/encoder.cpp.o
[102/390] Building CXX object CMakeFiles/gjxl_stdlib_storage_compat_test.dir/tests/stdlib_storage_compat_test.cpp.o
[103/390] Linking CXX static library libgjxl_codestream.a
[104/390] Linking CXX static library libgjxl.a
[105/390] Building CXX object CMakeFiles/gjxl_bit_writer_word_test.dir/tests/bit_writer_word_test.cpp.o
[106/390] Building CXX object CMakeFiles/gjxl_stdlib_storage_compat_cxx23_test.dir/tests/stdlib_storage_compat_test.cpp.o
[107/390] Building CXX object CMakeFiles/gjxl_bit_writer_test.dir/tests/bit_writer_test.cpp.o
[108/390] Building CXX object CMakeFiles/gjxl_bit_writer_append_test.dir/tests/bit_writer_append_test.cpp.o
[109/390] Building CXX object CMakeFiles/gjxl_ans_bit_emission_test.dir/tests/ans_bit_emission_test.cpp.o
[110/390] Building CXX object CMakeFiles/gjxl_sections_test.dir/tests/sections_test.cpp.o
[111/390] Building CXX object CMakeFiles/gjxl_context_map_test.dir/tests/context_map_test.cpp.o
[112/390] Building CXX object CMakeFiles/gjxl_codestream_conformance_test.dir/tests/codestream_conformance_test.cpp.o
[113/390] Building CXX object CMakeFiles/gjxl_ans_reverse_bits_test.dir/tests/ans_reverse_bits_test.cpp.o
[114/390] Building CXX object CMakeFiles/gjxl_dc_group_test.dir/tests/dc_group_test.cpp.o
[115/390] Building CXX object CMakeFiles/gjxl_ac_direct_tokenization_test.dir/tests/ac_direct_tokenization_test.cpp.o
[116/390] Building CXX object CMakeFiles/gjxl_ac_group_test.dir/tests/ac_group_test.cpp.o
[117/390] Building CXX object CMakeFiles/gjxl_token_storage_plan_test.dir/tests/token_storage_plan_test.cpp.o
[118/390] Building CXX object CMakeFiles/gjxl_coefficient_order_test.dir/tests/coefficient_order_test.cpp.o
[119/390] Building CXX object CMakeFiles/gjxl_entropy_storage_plan_test.dir/tests/entropy_storage_plan_test.cpp.o
[120/390] Building CXX object CMakeFiles/gjxl_representation_storage_plan_test.dir/tests/representation_storage_plan_test.cpp.o
[121/390] Building CXX object CMakeFiles/gjxl_entropy_test.dir/tests/entropy_test.cpp.o
[122/390] Building CXX object CMakeFiles/gjxl_serializer_storage_plan_test.dir/tests/serializer_storage_plan_test.cpp.o
[123/390] Building CXX object CMakeFiles/gjxl_quantization_storage_test.dir/tests/quantization_storage_test.cpp.o
[124/390] Building CXX object CMakeFiles/gjxl_sparse_coefficients_test.dir/tests/sparse_coefficients_test.cpp.o
[125/390] Building CXX object CMakeFiles/gjxl_compact_frame_allocation_test.dir/tests/compact_frame_allocation_test.cpp.o
[126/390] Building CXX object CMakeFiles/gjxl_block_context_map_test.dir/tests/block_context_map_test.cpp.o
[127/390] Building CXX object CMakeFiles/gjxl_compact_vardct_frame_test.dir/tests/compact_vardct_frame_test.cpp.o
[128/390] Building CXX object CMakeFiles/gjxl_frame_validation_test.dir/tests/frame_validation_test.cpp.o
[129/390] Building CXX object CMakeFiles/gjxl_sparse_frame_allocation_test.dir/tests/sparse_frame_allocation_test.cpp.o
[130/390] Building CXX object CMakeFiles/gjxl_codestream_batch_workflow_test.dir/tests/codestream_batch_workflow_test.cpp.o
[131/390] Building CXX object CMakeFiles/gjxl_sparse_vardct_frame_test.dir/tests/sparse_vardct_frame_test.cpp.o
[132/390] Building CXX object CMakeFiles/gjxl_batch_lifecycle_test.dir/tests/batch_lifecycle_test.cpp.o
[133/390] Building CXX object CMakeFiles/gjxl_codestream_workflow_test.dir/tests/codestream_workflow_test.cpp.o
[134/390] Building CXX object CMakeFiles/gjxl_codestream_encoder_test.dir/tests/codestream_encoder_test.cpp.o
[135/390] Building C object CMakeFiles/gjxl_c_api_test.dir/tests/c_api_test.c.o
[136/390] Building CXX object CMakeFiles/gjxl_batch_scheduling_test.dir/tests/batch_scheduling_test.cpp.o
[137/390] Building CXX object CMakeFiles/gjxl_ac_section_validation_test.dir/tests/ac_section_validation_test.cpp.o
[138/390] Building CXX object CMakeFiles/gjxl_c_api_cpp_test.dir/tests/c_api_cpp_test.cpp.o
[139/390] Building CXX object CMakeFiles/gjxl_rate_control_search_test.dir/tests/rate_control_search_test.cpp.o
[140/390] Building CXX object CMakeFiles/gjxl_c_api_image_conversion_test.dir/tests/c_api_image_conversion_test.cpp.o
[141/390] Building CXX object CMakeFiles/gjxl_worker_launch_failure_test.dir/tests/worker_launch_failure_test.cpp.o
[142/390] Building CXX object CMakeFiles/gjxl_butteraugli_primitives_test.dir/tests/butteraugli_primitives_test.cpp.o
[143/390] Building CXX object CMakeFiles/gjxl_parallel_work_test.dir/tests/parallel_work_test.cpp.o
[144/390] Building CXX object CMakeFiles/gjxl_pfm_test.dir/tests/pfm_test.cpp.o
[145/390] Building CXX object CMakeFiles/gjxl_butteraugli_stages_test.dir/tests/butteraugli_stages_test.cpp.o
[146/390] Building CXX object CMakeFiles/gjxl_core_geometry_test.dir/tests/core_geometry_test.cpp.o
[147/390] Building CXX object CMakeFiles/gjxl_butteraugli_distance_test.dir/tests/butteraugli_distance_test.cpp.o
[148/390] Building CXX object CMakeFiles/gjxl_cpu_budget_test.dir/tests/cpu_budget_test.cpp.o
[149/390] Building CXX object CMakeFiles/gjxl_resource_budget_test.dir/tests/resource_budget_test.cpp.o
[150/390] Building CXX object CMakeFiles/gjxl_cpu_execution_test.dir/tests/cpu_execution_test.cpp.o
[151/390] Building CXX object CMakeFiles/gjxl_workflow_cpu_coordination_test.dir/tests/workflow_cpu_coordination_test.cpp.o
[152/390] Building CXX object CMakeFiles/gjxl_managed_allocator_test.dir/tests/managed_allocator_test.cpp.o
[153/390] Building CXX object CMakeFiles/gjxl_frontend_storage_test.dir/tests/frontend_storage_test.cpp.o
[154/390] Building CXX object CMakeFiles/gjxl_serializer_storage_test.dir/tests/serializer_storage_test.cpp.o
[155/390] Building CXX object CMakeFiles/gjxl_fast_math_test.dir/tests/fast_math_test.cpp.o
[156/390] Building CXX object CMakeFiles/gjxl_ac_strategy_grid_test.dir/tests/ac_strategy_grid_test.cpp.o
[157/390] Building CXX object CMakeFiles/gjxl_frontend_field_storage_plan_test.dir/tests/frontend_field_storage_plan_test.cpp.o
[158/390] Building CXX object CMakeFiles/gjxl_frontend_storage_plan_test.dir/tests/frontend_storage_plan_test.cpp.o
[159/390] Building CXX object CMakeFiles/gjxl_perceptual_storage_plan_test.dir/tests/perceptual_storage_plan_test.cpp.o
[160/390] Building CXX object CMakeFiles/gjxl_publication_storage_test.dir/tests/publication_storage_test.cpp.o
[161/390] Building CXX object CMakeFiles/gjxl_workflow_publication_test.dir/tests/workflow_publication_test.cpp.o
[162/390] Building CXX object CMakeFiles/gjxl_dct_reference_test.dir/tests/dct_reference.cpp.o
[163/390] Building CXX object CMakeFiles/gjxl_diagnostic_storage_test.dir/tests/diagnostic_storage_test.cpp.o
[164/390] Building CXX object CMakeFiles/gjxl_cpu_dct_test.dir/tests/dct_reference.cpp.o
[165/390] Building CXX object CMakeFiles/gjxl_dct_reference_test.dir/tests/dct_reference_test.cpp.o
[166/390] Building CXX object CMakeFiles/gjxl_cpu_dct_test.dir/tests/cpu_dct_test.cpp.o
[167/390] Building CXX object CMakeFiles/gjxl_ac_strategy_cost_test.dir/tests/ac_strategy_cost_test.cpp.o
[168/390] Building CXX object CMakeFiles/gjxl_dc_conversion_test.dir/tests/dct_reference.cpp.o
[169/390] Building CXX object CMakeFiles/gjxl_quantization_test.dir/tests/quantization_test.cpp.o
[170/390] Building CXX object CMakeFiles/gjxl_ac_strategy_search_test.dir/tests/ac_strategy_search_test.cpp.o
[171/390] Building CXX object CMakeFiles/gjxl_quantization_adjustment_test.dir/tests/quantization_adjustment_test.cpp.o
[172/390] Building CXX object CMakeFiles/gjxl_dc_quantization_test.dir/tests/dc_quantization_test.cpp.o
[173/390] Building CXX object CMakeFiles/gjxl_dc_conversion_test.dir/tests/dc_conversion_test.cpp.o
[174/390] Building CXX object CMakeFiles/gjxl_maximum_error_test.dir/tests/maximum_error_test.cpp.o
[175/390] Building CXX object CMakeFiles/gjxl_dc_processing_test.dir/tests/dc_processing_test.cpp.o
[176/390] Building CXX object CMakeFiles/gjxl_dc_context_tree_test.dir/tests/dc_context_tree_test.cpp.o
[177/390] Building CXX object CMakeFiles/gjxl_adaptive_quantization_test.dir/tests/adaptive_quantization_test.cpp.o
[178/390] Building CXX object CMakeFiles/gjxl_color_transform_test.dir/tests/color_transform_test.cpp.o
[179/390] Building CXX object CMakeFiles/gjxl_adaptive_quantization_loop_test.dir/tests/adaptive_quantization_loop_test.cpp.o
[180/390] Building CXX object CMakeFiles/gjxl_gaborish_test.dir/tests/gaborish_test.cpp.o
[181/390] Building CXX object CMakeFiles/gjxl_quantization_pipeline_test.dir/tests/quantization_pipeline_test.cpp.o
[182/390] Building CXX object CMakeFiles/gjxl_cpu_workflow_storage_plan_test.dir/tests/cpu_workflow_storage_plan_test.cpp.o
[183/390] Building CXX object CMakeFiles/gjxl_low_effort_strategy_policy_test.dir/tests/low_effort_strategy_policy_test.cpp.o
[184/390] Building CXX object CMakeFiles/gjxl_chroma_from_luma_test.dir/tests/chroma_from_luma_test.cpp.o
[185/390] Building CXX object CMakeFiles/gjxl_dc_policy_test.dir/tests/dc_policy_test.cpp.o
[186/390] Building CXX object CMakeFiles/gjxl_epf_test.dir/tests/epf_test.cpp.o
[187/390] Building CXX object CMakeFiles/gjxl_overwrite_array_test.dir/tests/overwrite_array_test.cpp.o
[188/390] Building CXX object CMakeFiles/gjxl_reconstruction_test.dir/tests/reconstruction_test.cpp.o
[189/390] Building CXX object CMakeFiles/gjxl_simple_codestream_profile_test.dir/tests/simple_codestream_profile_test.cpp.o
[190/390] Building CXX object CMakeFiles/gjxl_loop_filter_test.dir/tests/loop_filter_test.cpp.o
[191/390] Building CXX object CMakeFiles/gjxl_gpu_image_test.dir/tests/gpu_image_test.cpp.o
[192/390] Building CXX object CMakeFiles/gjxl_butteraugli_test.dir/tests/butteraugli_facade_test.cpp.o
[193/390] Building CXX object CMakeFiles/gjxl_ac_strategy_storage_plan_test.dir/tests/ac_strategy_storage_plan_test.cpp.o
[194/390] Building CXX object CMakeFiles/gjxl_vardct_frame_test.dir/tests/vardct_frame_test.cpp.o
[195/390] Building CXX object CMakeFiles/gjxl_vardct_frame_view_test.dir/tests/vardct_frame_view_test.cpp.o
[196/390] Building CXX object CMakeFiles/gjxl_profile_storage_plan_metal_test.dir/tests/profile_storage_plan_test.cpp.o
[197/390] Building CXX object CMakeFiles/gjxl_ac_strategy_host_storage_plan_test.dir/tests/ac_strategy_host_storage_plan_test.cpp.o
[198/390] Building CXX object CMakeFiles/gjxl_gpu_primitives_metal_test.dir/tests/gpu_primitives_metal_test.cpp.o
[199/390] Building CXX object CMakeFiles/gjxl_butteraugli_device_operation_test.dir/tests/butteraugli_device_operation_test.cpp.o
[200/390] Building CXX object CMakeFiles/gjxl_metal_butteraugli_test.dir/tests/metal_butteraugli_test.cpp.o
[201/390] Building CXX object CMakeFiles/gjxl_gpu_profile_json_test.dir/tests/gpu_profile_json_test.cpp.o
[202/390] Building CXX object CMakeFiles/gjxl_profile_storage_plan_test.dir/tests/profile_storage_plan_test.cpp.o
[203/390] Building CXX object CMakeFiles/gjxl_metal_aq_reconstruction_test.dir/tests/dct_reference.cpp.o
[204/390] Building CXX object CMakeFiles/gjxl_dct_test.dir/tests/dct_reference.cpp.o
[205/390] Building CXX object CMakeFiles/gjxl_dct_test.dir/tests/dct_test.cpp.o
[206/390] Building CXX object CMakeFiles/gjxl_adaptive_quantization_gpu_policy_test.dir/tests/adaptive_quantization_gpu_policy_test.cpp.o
[207/390] Building CXX object CMakeFiles/gjxl_ac_strategy_gpu_search_test.dir/tests/ac_strategy_gpu_search_test.cpp.o
[208/390] Building CXX object CMakeFiles/gjxl_ac_strategy_metal_test.dir/tests/ac_strategy_metal_test.cpp.o
[209/390] Building CXX object CMakeFiles/gjxl_metal_aq_postprocess_test.dir/tests/metal_aq_postprocess_test.cpp.o
[210/390] Building CXX object CMakeFiles/gjxl_metal_aq_reconstruction_test.dir/tests/metal_aq_reconstruction_test.cpp.o
[211/390] Building CXX object CMakeFiles/gjxl_metal_resource_budget_test.dir/tests/metal_resource_budget_test.cpp.o
[212/390] Building CXX object CMakeFiles/gjxl_metal_diagnostic_storage_test.dir/tests/metal_diagnostic_storage_test.cpp.o
[213/390] Building CXX object CMakeFiles/gjxl_metal_storage_plan_test.dir/tests/metal_storage_plan_test.cpp.o
[214/390] Building CXX object CMakeFiles/gjxl_metal_aq_evaluation_test.dir/tests/metal_aq_evaluation_test.cpp.o
[215/390] Building CXX object CMakeFiles/gjxl_metal_completed_frame_test.dir/tests/metal_completed_frame_test.cpp.o
[216/390] Building CXX object CMakeFiles/gjxl_quantization_gpu_pipeline_test.dir/tests/quantization_gpu_pipeline_test.cpp.o
[217/390] Building CXX object CMakeFiles/gjxl_metal_aq_strategy_metadata_test.dir/tests/metal_aq_strategy_metadata_test.cpp.o
[218/390] Building CXX object CMakeFiles/gjxl_metal_aq_profile_storage_plan_test.dir/tests/metal_aq_profile_storage_plan_test.cpp.o
[219/390] Building CXX object CMakeFiles/gjxl_metal_quantizer_selection_test.dir/tests/metal_quantizer_selection_test.cpp.o
[220/390] Building CXX object CMakeFiles/gjxl_metal_submission_storage_plan_test.dir/tests/metal_submission_storage_plan_test.cpp.o
[221/390] Building CXX object CMakeFiles/gjxl_metal_dc_processing_test.dir/tests/metal_dc_processing_test.cpp.o
[222/390] Building CXX object CMakeFiles/gjxl_compatibility_workflow_storage_plan_test.dir/tests/compatibility_workflow_storage_plan_test.cpp.o
[223/390] Building CXX object CMakeFiles/gjxl_resident_workflow_storage_plan_test.dir/tests/resident_workflow_storage_plan_test.cpp.o
[224/390] Building CXX object CMakeFiles/gjxl_metal_cache_admission_test.dir/tests/metal_cache_admission_test.cpp.o
[225/390] Building CXX object CMakeFiles/gjxl_metal_aq_host_storage_plan_test.dir/tests/metal_aq_host_storage_plan_test.cpp.o
[226/390] Building CXX object CMakeFiles/gjxl_pfm_benchmark.dir/benchmarks/pfm_benchmark.cpp.o
[227/390] Building CXX object CMakeFiles/gjxl_workflow_storage_plan_test.dir/tests/workflow_storage_plan_test.cpp.o
[228/390] Building CXX object CMakeFiles/gjxl_metal_butteraugli_benchmark.dir/benchmarks/metal_butteraugli_benchmark.cpp.o
[229/390] Building CXX object CMakeFiles/gjxl_quality_benchmark.dir/benchmarks/quality_benchmark.cpp.o
[230/390] Building CXX object CMakeFiles/gjxl_metal_qualification.dir/tools/resident_qualification/driver.cpp.o
[231/390] Building CXX object CMakeFiles/gjxl_dc_prediction_benchmark.dir/benchmarks/dc_prediction_benchmark.cpp.o
[232/390] Building CXX object CMakeFiles/gjxl_workflow_admission_test.dir/tests/workflow_admission_test.cpp.o
[233/390] Building CXX object CMakeFiles/gjxl_dc_tree_benchmark.dir/benchmarks/dc_tree_benchmark.cpp.o
[234/390] Building CXX object CMakeFiles/gjxl_dc_processing_benchmark.dir/benchmarks/dc_processing_benchmark.cpp.o
[235/390] Building CXX object CMakeFiles/gjxl_dct_benchmark.dir/benchmarks/dct_benchmark.cpp.o
[236/390] Building CXX object CMakeFiles/gjxl_metal_precision_metric_probe.dir/benchmarks/metal_precision_metric_probe.cpp.o
[237/390] Building CXX object CMakeFiles/gjxl_metal_precision_probe.dir/benchmarks/metal_precision_probe.cpp.o
[238/390] Building CXX object CMakeFiles/gjxl_metal_coefficient_probe.dir/benchmarks/metal_coefficient_probe.cpp.o
[239/390] Building CXX object CMakeFiles/gjxl_metal_butteraugli_filter_probe.dir/benchmarks/metal_butteraugli_filter_probe.cpp.o
[240/390] Building CXX object CMakeFiles/gjxl_metal_dct_image_probe.dir/benchmarks/metal_dct_image_probe.cpp.o
[241/390] Building CXX object CMakeFiles/gjxl_image_batch_benchmark.dir/benchmarks/image_batch_benchmark.cpp.o
[242/390] Linking CXX executable gjxl_encode
[243/390] Linking CXX executable gjxl_rate_control_probe
[244/390] Linking CXX executable gjxl_stdlib_storage_compat_test
[245/390] Linking CXX executable gjxl_planning_recipes_test
[246/390] Linking CXX executable gjxl_stdlib_storage_compat_cxx23_test
[247/390] Linking CXX executable gjxl_metal_embedded_library_test
[248/390] Building CXX object CMakeFiles/gjxl_metal_butteraugli_reduction_probe.dir/benchmarks/metal_butteraugli_reduction_probe.cpp.o
[249/390] Linking CXX executable gjxl_codestream_conformance_test
[250/390] Linking CXX executable gjxl_bit_writer_append_test
[251/390] Linking CXX executable gjxl_bit_writer_word_test
[252/390] Linking CXX executable gjxl_ans_bit_emission_test
[253/390] Linking CXX executable gjxl_bit_writer_test
[254/390] Linking CXX executable gjxl_entropy_test
[255/390] Linking CXX executable gjxl_context_map_test
[256/390] Building CXX object CMakeFiles/gjxl_metal_ac_candidate_probe.dir/benchmarks/metal_ac_candidate_probe.cpp.o
[257/390] Linking CXX executable gjxl_ans_reverse_bits_test
[258/390] Building CXX object CMakeFiles/gjxl_encoding_benchmark.dir/benchmarks/encoding_benchmark.cpp.o
[259/390] Linking CXX executable gjxl_sections_test
[260/390] Linking CXX executable gjxl_dc_group_test
[261/390] Building CXX object CMakeFiles/gjxl_ac_strategy_search_benchmark.dir/benchmarks/ac_strategy_search_benchmark.cpp.o
[262/390] Linking CXX executable gjxl_ac_group_test
[263/390] Linking CXX executable gjxl_coefficient_order_test
[264/390] Linking CXX executable gjxl_ac_direct_tokenization_test
[265/390] Linking CXX executable gjxl_token_storage_plan_test
[266/390] Linking CXX executable gjxl_entropy_storage_plan_test
[267/390] Building CXX object CMakeFiles/gjxl_metal_epf_probe.dir/benchmarks/metal_epf_probe.cpp.o
[268/390] Building CXX object CMakeFiles/gjxl_ac_strategy_benchmark.dir/benchmarks/ac_strategy_benchmark.cpp.o
[269/390] Linking CXX executable gjxl_representation_storage_plan_test
[270/390] Linking CXX executable gjxl_ac_section_validation_test
[271/390] Linking CXX executable gjxl_serializer_storage_plan_test
[272/390] Linking CXX executable gjxl_compact_vardct_frame_test
[273/390] Linking CXX executable gjxl_quantization_storage_test
[274/390] Linking CXX executable gjxl_sparse_coefficients_test
[275/390] Linking CXX executable gjxl_compact_frame_allocation_test
[276/390] Linking CXX executable gjxl_frame_validation_test
[277/390] Linking CXX executable gjxl_sparse_vardct_frame_test
[278/390] Linking CXX executable gjxl_block_context_map_test
[279/390] Linking CXX executable gjxl_sparse_frame_allocation_test
[280/390] Linking CXX executable gjxl_codestream_encoder_test
[281/390] Linking CXX executable gjxl_parallel_work_test
[282/390] Linking CXX executable gjxl_c_api_image_conversion_test
[283/390] Linking CXX executable gjxl_codestream_workflow_test
[284/390] Linking CXX executable gjxl_codestream_batch_workflow_test
[285/390] Linking CXX executable gjxl_batch_lifecycle_test
[286/390] Linking CXX executable gjxl_batch_scheduling_test
[287/390] Linking CXX executable gjxl_rate_control_search_test
[288/390] Linking CXX executable gjxl_worker_launch_failure_test
[289/390] Linking CXX executable gjxl_c_api_test
[290/390] Linking CXX executable gjxl_pfm_test
[291/390] Linking CXX executable gjxl_butteraugli_distance_test
[292/390] Linking CXX executable gjxl_butteraugli_primitives_test
[293/390] Linking CXX executable gjxl_butteraugli_stages_test
[294/390] Linking CXX executable gjxl_core_geometry_test
[295/390] Linking CXX executable gjxl_resource_budget_test
[296/390] Linking CXX executable gjxl_c_api_cpp_test
[297/390] Linking CXX executable gjxl_cpu_budget_test
[298/390] Linking CXX executable gjxl_cpu_execution_test
[299/390] Linking CXX executable gjxl_frontend_storage_test
[300/390] Linking CXX executable gjxl_frontend_storage_plan_test
[301/390] Linking CXX executable gjxl_frontend_field_storage_plan_test
[302/390] Linking CXX executable gjxl_perceptual_storage_plan_test
[303/390] Linking CXX executable gjxl_managed_allocator_test
[304/390] Linking CXX executable gjxl_diagnostic_storage_test
[305/390] Linking CXX executable gjxl_serializer_storage_test
[306/390] Linking CXX executable gjxl_workflow_cpu_coordination_test
[307/390] Linking CXX executable gjxl_ac_strategy_grid_test
[308/390] Linking CXX executable gjxl_fast_math_test
[309/390] Linking CXX executable gjxl_publication_storage_test
[310/390] Linking CXX executable gjxl_cpu_dct_test
[311/390] Linking CXX executable gjxl_dct_reference_test
[312/390] Linking CXX executable gjxl_ac_strategy_cost_test
[313/390] Linking CXX executable gjxl_ac_strategy_search_test
[314/390] Linking CXX executable gjxl_workflow_publication_test
[315/390] Linking CXX executable gjxl_quantization_test
[316/390] Linking CXX executable gjxl_quantization_adjustment_test
[317/390] Linking CXX executable gjxl_maximum_error_test
[318/390] Linking CXX executable gjxl_dc_processing_test
[319/390] Linking CXX executable gjxl_dc_conversion_test
[320/390] Linking CXX executable gjxl_dc_quantization_test
[321/390] Linking CXX executable gjxl_adaptive_quantization_test
[322/390] Linking CXX executable gjxl_adaptive_quantization_loop_test
[323/390] Linking CXX executable gjxl_color_transform_test
[324/390] Linking CXX executable gjxl_dc_context_tree_test
[325/390] Linking CXX executable gjxl_gaborish_test
[326/390] Linking CXX executable gjxl_chroma_from_luma_test
[327/390] Linking CXX executable gjxl_cpu_workflow_storage_plan_test
[328/390] Linking CXX executable gjxl_epf_test
[329/390] Linking CXX executable gjxl_quantization_pipeline_test
[330/390] Linking CXX executable gjxl_reconstruction_test
[331/390] Linking CXX executable gjxl_low_effort_strategy_policy_test
[332/390] Linking CXX executable gjxl_dc_policy_test
[333/390] Linking CXX executable gjxl_vardct_frame_test
[334/390] Linking CXX executable gjxl_overwrite_array_test
[335/390] Linking CXX executable gjxl_simple_codestream_profile_test
[336/390] Linking CXX executable gjxl_loop_filter_test
[337/390] Linking CXX executable gjxl_butteraugli_test
[338/390] Linking CXX executable gjxl_gpu_image_test
[339/390] Linking CXX executable gjxl_ac_strategy_storage_plan_test
[340/390] Linking CXX executable gjxl_ac_strategy_host_storage_plan_test
[341/390] Linking CXX executable gjxl_profile_storage_plan_test
[342/390] Linking CXX executable gjxl_vardct_frame_view_test
[343/390] Linking CXX executable gjxl_gpu_profile_json_test
[344/390] Linking CXX executable gjxl_profile_storage_plan_metal_test
ld: warning: ignoring duplicate libraries: 'libgjxl_gpu_ops.a'
[345/390] Linking CXX executable gjxl_gpu_primitives_metal_test
[346/390] Linking CXX executable gjxl_butteraugli_device_operation_test
ld: warning: ignoring duplicate libraries: 'libgjxl_codec.a'
[347/390] Linking CXX executable gjxl_metal_aq_evaluation_test
ld: warning: ignoring duplicate libraries: 'libgjxl_codec.a'
[348/390] Linking CXX executable gjxl_metal_butteraugli_test
ld: warning: ignoring duplicate libraries: 'libgjxl_codec.a'
[349/390] Linking CXX executable gjxl_adaptive_quantization_gpu_policy_test
ld: warning: ignoring duplicate libraries: 'libgjxl_codec.a'
[350/390] Linking CXX executable gjxl_metal_aq_reconstruction_test
ld: warning: ignoring duplicate libraries: 'libgjxl_codec.a'
[351/390] Linking CXX executable gjxl_metal_aq_postprocess_test
ld: warning: ignoring duplicate libraries: 'libgjxl_codec.a'
[352/390] Linking CXX executable gjxl_dct_test
[353/390] Linking CXX executable gjxl_ac_strategy_metal_test
ld: warning: ignoring duplicate libraries: 'libgjxl_codec.a'
[354/390] Linking CXX executable gjxl_ac_strategy_gpu_search_test
ld: warning: ignoring duplicate libraries: 'libgjxl_gpu_ops.a'
[355/390] Linking CXX executable gjxl_metal_aq_strategy_metadata_test
ld: warning: ignoring duplicate libraries: 'libgjxl_codec.a'
[356/390] Linking CXX executable gjxl_metal_completed_frame_test
ld: warning: ignoring duplicate libraries: 'libgjxl_gpu_ops.a'
[357/390] Linking CXX executable gjxl_quantization_gpu_pipeline_test
ld: warning: ignoring duplicate libraries: 'libgjxl_gpu_ops.a'
[358/390] Linking CXX executable gjxl_metal_diagnostic_storage_test
[359/390] Linking CXX executable gjxl_metal_resource_budget_test
[360/390] Linking CXX executable gjxl_metal_aq_host_storage_plan_test
[361/390] Linking CXX executable gjxl_metal_storage_plan_test
[362/390] Linking CXX executable gjxl_metal_quantizer_selection_test
[363/390] Linking CXX executable gjxl_metal_submission_storage_plan_test
[364/390] Linking CXX executable gjxl_metal_dc_processing_test
ld: warning: ignoring duplicate libraries: 'libgjxl_codec.a'
[365/390] Linking CXX executable gjxl_metal_aq_profile_storage_plan_test
[366/390] Linking CXX executable gjxl_resident_workflow_storage_plan_test
[367/390] Linking CXX executable gjxl_pfm_benchmark
[368/390] Linking CXX executable gjxl_compatibility_workflow_storage_plan_test
[369/390] Linking CXX executable gjxl_metal_cache_admission_test
[370/390] Linking CXX executable gjxl_workflow_storage_plan_test
[371/390] Linking CXX executable gjxl_workflow_admission_test
[372/390] Linking CXX executable gjxl_metal_butteraugli_benchmark
ld: warning: ignoring duplicate libraries: 'libgjxl_codec.a'
[373/390] Linking CXX executable gjxl_metal_qualification
[374/390] Linking CXX executable gjxl_quality_benchmark
[375/390] Linking CXX executable gjxl_dc_tree_benchmark
[376/390] Linking CXX executable gjxl_dc_prediction_benchmark
[377/390] Linking CXX executable gjxl_dc_processing_benchmark
[378/390] Linking CXX executable gjxl_encoding_benchmark
[379/390] Linking CXX executable gjxl_image_batch_benchmark
[380/390] Linking CXX executable gjxl_dct_benchmark
[381/390] Linking CXX executable gjxl_metal_coefficient_probe
[382/390] Linking CXX executable gjxl_metal_dct_image_probe
[383/390] Linking CXX executable gjxl_metal_precision_metric_probe
[384/390] Linking CXX executable gjxl_metal_precision_probe
[385/390] Linking CXX executable gjxl_metal_butteraugli_filter_probe
[386/390] Linking CXX executable gjxl_metal_butteraugli_reduction_probe
[387/390] Linking CXX executable gjxl_metal_epf_probe
[388/390] Linking CXX executable gjxl_metal_ac_candidate_probe
[389/390] Linking CXX executable gjxl_ac_strategy_benchmark
ld: warning: ignoring duplicate libraries: 'libgjxl_codec.a'
[390/390] Linking CXX executable gjxl_ac_strategy_search_benchmark
ld: warning: ignoring duplicate libraries: 'libgjxl_gpu_ops.a'
