imazen26-1029-planter-4k bytes match
imazen26-1029-planter-1080p bytes match
imazen26-1039-sun-forest-4k bytes match
imazen26-1039-sun-forest-1080p bytes match
imazen26-1049-river-city-4k bytes match
imazen26-1049-river-city-1080p bytes match
imazen26-1207-bedroom-noise-4k bytes match
imazen26-1207-bedroom-noise-1080p bytes match
imazen26-1409-rainbow-4k bytes match
imazen26-1409-rainbow-1080p bytes match
imazen26-1609-food-detail-4k bytes match
imazen26-1609-food-detail-1080p bytes match
kodak-kodim01 bytes match
kodak-kodim02 bytes match
kodak-kodim03 bytes match
kodak-kodim04 bytes match
kodak-kodim05 bytes match
kodak-kodim06 bytes match
kodak-kodim07 bytes match
kodak-kodim08 bytes match
kodak-kodim09 bytes match
kodak-kodim10 bytes match
kodak-kodim11 bytes match
kodak-kodim12 bytes match
kodak-kodim13 bytes match
kodak-kodim14 bytes match
kodak-kodim15 bytes match
kodak-kodim16 bytes match
kodak-kodim17 bytes match
kodak-kodim18 bytes match
kodak-kodim19 bytes match
kodak-kodim20 bytes match
kodak-kodim21 bytes match
kodak-kodim22 bytes match
kodak-kodim23 bytes match
kodak-kodim24 bytes match
padded-stress-1080p bytes match
padded-stress-4k bytes match
effort-1 bytes match
effort-2 bytes match
effort-3 bytes match
effort-4 bytes match
effort-5 bytes match
effort-6 bytes match
effort-7 bytes match
effort-8 bytes match
effort-9 bytes match
effort-10 bytes match
high-density bytes match
maximum-compression bytes match
final-score bytes match
exact-coefficients bytes match
throughput bytes match
maximum-throughput bytes match
target bytes match
maximum-error bytes match
