alpine24-e7 0 {'complete_call_ms': -1.841}
alpine24-e7 1 {'complete_call_ms': -1.22}
alpine24-e7 2 {'complete_call_ms': -2.757}
alpine24-e7 3 {'complete_call_ms': -0.016}
alpine24-e7 4 {'complete_call_ms': -1.229}
alpine24-e7 5 {'complete_call_ms': -0.749}
alpine24-e7 6 {'complete_call_ms': -0.379}
forest48-e10 0 {'complete_call_ms': -0.616}
forest48-e10 1 {'complete_call_ms': -1.224}
forest48-e10 2 {'complete_call_ms': 0.662}
forest48-e10 3 {'complete_call_ms': -0.46}
forest48-e10 4 {'complete_call_ms': 0.187}
forest48-e10 5 {'complete_call_ms': -0.158}
forest48-e10 6 {'complete_call_ms': -0.296}
kodak01-e7 0 {'complete_call_ms': -2.105}
kodak01-e7 1 {'complete_call_ms': -3.179}
kodak01-e7 2 {'complete_call_ms': -1.951}
kodak01-e7 3 {'complete_call_ms': 2.645}
kodak01-e7 4 {'complete_call_ms': -0.377}
kodak01-e7 5 {'complete_call_ms': 2.267}
kodak01-e7 6 {'complete_call_ms': 5.464}
kodak17-e10-d08 0 {'complete_call_ms': -0.225}
kodak17-e10-d08 1 {'complete_call_ms': 1.323}
kodak17-e10-d08 2 {'complete_call_ms': 0.426}
kodak17-e10-d08 3 {'complete_call_ms': 0.057}
kodak17-e10-d08 4 {'complete_call_ms': -0.194}
kodak17-e10-d08 5 {'complete_call_ms': 0.37}
kodak17-e10-d08 6 {'complete_call_ms': -0.337}
